# AI-hint: Drift check verifying static check for sample-test under the source-tree drift fitness-functions.
# AI-related: automation/98-drift-checks.sh
# AI-functions: check_sample-test
check_sample-test() {
    local hits=""
    if [[ -n "$hits" ]]; then
        printf '%s' "$hits" >&2
        _violation "drift violation in sample-test: static check for sample-test"
    else
        echo "[98-drift-checks] check passed: sample-test"
    fi
}
