# AI-hint: Describe the module's behavior and capability here.
# AI-related: /usr/lib/mios/agent-pipe/mios_pipe/sample-test.py, /usr/lib/mios/agent-pipe/test_mios_sample-test.py
# AI-functions: sample-test_helper

import logging

logger = logging.getLogger("mios.sample-test")

def sample-test_helper():
    """
    Helper function description.
    """
    pass
