# AI-hint: systemd unit file for the mios-sample-test service.
# AI-related: /usr/lib/systemd/system/mios-sample-test.service, /usr/share/mios/mios.toml

[Unit]
Description=MiOS sample-test Service
After=network.target mios-pgvector.service
Wants=network.target

[Service]
Type=simple
User=mios-sample-test
Group=mios-sample-test
WorkingDirectory=/usr/lib/mios/agent-pipe
ExecStart=/usr/bin/python3 -m mios_pipe.sample-test
Restart=on-failure
RestartSec=5s

[Install]
WantedBy=multi-user.target
